
> nails@0.1.0 dev
> next dev

▲ Next.js 16.2.12 (Turbopack)
- Local:         http://localhost:3001
- Network:       http://172.19.112.1:3001
- Environments: .env
✓ Ready in 4.2s

 GET /api/auth/providers 200 in 1240ms (next.js: 1197ms, application-code: 43ms)
 GET /api/auth/signin/google 302 in 31ms (next.js: 21ms, application-code: 10ms)
 GET /api/auth/csrf 200 in 29ms (next.js: 20ms, application-code: 10ms)
 POST /api/auth/signin/google 302 in 268ms (next.js: 8ms, application-code: 260ms)
 GET / 200 in 598ms (next.js: 261ms, application-code: 337ms)
 GET /api/auth/session 200 in 32ms (next.js: 24ms, application-code: 8ms)
 GET /api/gallery?limit=20 200 in 103ms (next.js: 90ms, application-code: 13ms)
 GET /api/brand 200 in 112ms (next.js: 106ms, application-code: 6ms)
 GET /api/nav-items 200 in 156ms (next.js: 151ms, application-code: 5ms)
 GET /api/auth/session 200 in 8ms (next.js: 3ms, application-code: 5ms)
 GET /api/auth/providers 200 in 23ms (next.js: 16ms, application-code: 7ms)
 GET /api/auth/csrf 200 in 6ms (next.js: 2ms, application-code: 4ms)
 POST /api/auth/signin/google? 200 in 206ms (next.js: 2ms, application-code: 204ms)
 GET /api/auth/callback/google?iss=https%3A%2F%2Faccounts.google.com&code=4%2F0ATsMZqBQ554Yyg7U_lIEP7EShd4VsPMmK0Zpp7SGqxXk0D7opeawlGDpKl6M_i2lW6BwIQ&scope=email+profile+https%3A%2F%2Fwww.googleapis.com%2Fauth%2Fuserinfo.profile+https%3A%2F%2Fwww.googleapis.com%2Fauth%2Fuserinfo.email+openid&authuser=0&prompt=consent 302 in 493ms (next.js: 20ms, application-code: 474ms)
 GET / 200 in 102ms (next.js: 3ms, application-code: 99ms)
 GET /api/brand 200 in 12ms (next.js: 8ms, application-code: 4ms)
 GET /api/nav-items 200 in 6ms (next.js: 3ms, application-code: 4ms)
 GET /api/gallery?limit=20 200 in 12ms (next.js: 7ms, application-code: 5ms)
 GET /api/auth/session 200 in 23ms (next.js: 14ms, application-code: 8ms)
 GET /api/auth/session 200 in 11ms (next.js: 2ms, application-code: 8ms)
 GET /api/auth/session 200 in 28ms (next.js: 17ms, application-code: 11ms)
 GET /api/auth/session 200 in 9ms (next.js: 1971µs, application-code: 7ms)
 GET /api/auth/session 200 in 24ms (next.js: 15ms, application-code: 9ms)
 GET /api/auth/session 200 in 12ms (next.js: 2ms, application-code: 9ms)
 GET /politicas 200 in 656ms (next.js: 43ms, application-code: 613ms)
 GET /api/brand 200 in 14ms (next.js: 8ms, application-code: 6ms)
 GET /api/nav-items 200 in 7ms (next.js: 3ms, application-code: 4ms)
 GET /api/auth/session 200 in 23ms (next.js: 15ms, application-code: 8ms)
 GET /api/auth/session 200 in 10ms (next.js: 1962µs, application-code: 8ms)
 GET /condiciones 200 in 117ms (next.js: 38ms, application-code: 78ms)
 GET /api/brand 200 in 9ms (next.js: 4ms, application-code: 6ms)
 GET /api/nav-items 200 in 8ms (next.js: 3ms, application-code: 5ms)
 GET /api/auth/session 200 in 24ms (next.js: 16ms, application-code: 8ms)
 GET /api/auth/session 200 in 9ms (next.js: 1934µs, application-code: 7ms)
 GET /dashboard 200 in 230ms (next.js: 66ms, proxy.ts: 103ms, application-code: 61ms)
 GET /api/appointments?date=2026-09-02 200 in 264ms (next.js: 54ms, application-code: 210ms)
 GET /api/appointments/cancelled 200 in 201ms (next.js: 47ms, application-code: 154ms)
 GET /api/blockouts?from=1788321600&to=1788408000 200 in 201ms (next.js: 92ms, application-code: 109ms)
 GET /api/waitlist 200 in 202ms (next.js: 131ms, application-code: 72ms)
 GET /api/my-permissions 200 in 203ms (next.js: 168ms, application-code: 35ms)
 GET /api/appointments?date=2026-09-02 200 in 60ms (next.js: 13ms, application-code: 47ms)
 GET /api/appointments/cancelled 200 in 43ms (next.js: 6ms, application-code: 37ms)
 GET /api/my-permissions 200 in 44ms (next.js: 10ms, application-code: 34ms)
 GET /api/waitlist 200 in 45ms (next.js: 13ms, application-code: 32ms)
 GET /api/blockouts?from=1788321600&to=1788408000 200 in 46ms (next.js: 17ms, application-code: 29ms)
 GET /dashboard/legal 200 in 91ms (next.js: 41ms, proxy.ts: 16ms, application-code: 33ms)
 GET /api/admin/legal/privacy 200 in 54ms (next.js: 42ms, application-code: 12ms)
 GET /api/admin/legal/privacy 200 in 23ms (next.js: 2ms, application-code: 21ms)
 GET /dashboard/legal/temrs 404 in 103ms (next.js: 44ms, proxy.ts: 11ms, application-code: 48ms)
 GET /api/auth/session 200 in 28ms (next.js: 16ms, application-code: 12ms)
 GET /api/auth/session 200 in 11ms (next.js: 3ms, application-code: 8ms)
 GET /dashboard/legal/terms 200 in 139ms (next.js: 39ms, proxy.ts: 11ms, application-code: 89ms)
 GET /api/auth/session 200 in 89ms (next.js: 14ms, application-code: 75ms)
 GET /api/my-permissions 200 in 91ms (next.js: 17ms, application-code: 74ms)
 GET /api/admin/legal/terms 200 in 97ms (next.js: 62ms, application-code: 34ms)
 GET /api/auth/session 200 in 13ms (next.js: 5ms, application-code: 8ms)
 PUT /api/admin/legal/terms 200 in 14ms (next.js: 2ms, application-code: 12ms)
 GET /api/auth/session 200 in 25ms (next.js: 17ms, application-code: 8ms)
 GET /api/auth/session 200 in 9ms (next.js: 1736µs, application-code: 8ms)
 GET /condiciones 200 in 78ms (next.js: 3ms, application-code: 75ms)
 GET /api/brand 200 in 7ms (next.js: 1969µs, application-code: 5ms)
 GET /api/nav-items 200 in 6ms (next.js: 2ms, application-code: 4ms)
 GET /api/auth/session 200 in 22ms (next.js: 13ms, application-code: 8ms)
 GET /api/auth/session 200 in 10ms (next.js: 2ms, application-code: 8ms)
 GET /api/auth/session 200 in 22ms (next.js: 14ms, application-code: 8ms)
 GET /api/auth/session 200 in 14ms (next.js: 5ms, application-code: 9ms)
 GET / 200 in 72ms (next.js: 3ms, application-code: 68ms)
 GET / 200 in 66ms (next.js: 2ms, application-code: 64ms)
 GET / 200 in 71ms (next.js: 3ms, application-code: 69ms)
 GET / 200 in 91ms (next.js: 2ms, application-code: 89ms)
 GET / 200 in 72ms (next.js: 3ms, application-code: 69ms)
✓ Compiled in 474ms
✓ Compiled in 486ms
✓ Compiled in 170ms
 GET /api/auth/session 200 in 193ms (next.js: 162ms, application-code: 31ms)
 GET /api/auth/session 200 in 12ms (next.js: 2ms, application-code: 9ms)
 GET /api/auth/session 200 in 33ms (next.js: 23ms, application-code: 10ms)
 GET /api/auth/session 200 in 21ms (next.js: 4ms, application-code: 18ms)
 GET / 200 in 233ms (next.js: 176ms, application-code: 57ms)
 GET /api/gallery?limit=20 200 in 62ms (next.js: 51ms, application-code: 12ms)
 GET /api/gallery?limit=20 200 in 8ms (next.js: 3ms, application-code: 6ms)
 GET /politicas 200 in 698ms (next.js: 158ms, application-code: 540ms)
 GET /api/nav-items 200 in 39ms (next.js: 33ms, application-code: 5ms)
 GET /api/brand 200 in 117ms (next.js: 113ms, application-code: 4ms)
 GET /api/auth/session 200 in 25ms (next.js: 15ms, application-code: 10ms)
 GET /api/auth/session 200 in 10ms (next.js: 2ms, application-code: 8ms)
 GET /condiciones 200 in 228ms (next.js: 156ms, application-code: 72ms)
 GET / 200 in 201ms (next.js: 4ms, application-code: 197ms)
 GET /api/brand 200 in 10ms (next.js: 5ms, application-code: 5ms)
 GET /api/nav-items 200 in 12ms (next.js: 7ms, application-code: 4ms)
 GET /api/gallery?limit=20 200 in 19ms (next.js: 11ms, application-code: 8ms)
 GET /api/auth/session 200 in 79ms (next.js: 29ms, application-code: 50ms)
 GET /api/auth/session 200 in 14ms (next.js: 5ms, application-code: 9ms)
 HEAD / 200 in 63ms (next.js: 3ms, application-code: 60ms)
 GET / 200 in 85ms (next.js: 3ms, application-code: 82ms)
✓ Compiled in 175ms
 GET / 200 in 302ms (next.js: 145ms, application-code: 156ms)
 GET / 200 in 59ms (next.js: 3ms, application-code: 57ms)
 GET /api/gallery?limit=20 200 in 81ms (next.js: 62ms, application-code: 19ms)
 GET /api/gallery?limit=20 200 in 11ms (next.js: 2ms, application-code: 9ms)
✓ Compiled in 119ms
 GET / 200 in 367ms (next.js: 164ms, application-code: 203ms)
 GET / 200 in 60ms (next.js: 3ms, application-code: 56ms)
✓ Compiled in 127ms
 GET / 200 in 270ms (next.js: 132ms, application-code: 139ms)
 GET / 200 in 59ms (next.js: 5ms, application-code: 54ms)
✓ Compiled in 116ms
 GET / 200 in 236ms (next.js: 124ms, application-code: 112ms)
 GET / 200 in 62ms (next.js: 3ms, application-code: 58ms)
✓ Compiled in 120ms
 GET / 200 in 265ms (next.js: 134ms, application-code: 131ms)
 GET / 200 in 70ms (next.js: 3ms, application-code: 67ms)
✓ Compiled in 127ms
 GET / 200 in 234ms (next.js: 127ms, application-code: 107ms)
 GET / 200 in 50ms (next.js: 4ms, application-code: 45ms)
✓ Compiled in 106ms
 GET / 200 in 307ms (next.js: 157ms, application-code: 150ms)
 GET / 200 in 68ms (next.js: 15ms, application-code: 53ms)
✓ Compiled in 113ms
 GET / 200 in 234ms (next.js: 130ms, application-code: 103ms)
 GET / 200 in 57ms (next.js: 3ms, application-code: 54ms)
✓ Compiled in 122ms
 GET / 200 in 234ms (next.js: 129ms, application-code: 105ms)
 GET / 200 in 80ms (next.js: 3ms, application-code: 77ms)
✓ Compiled in 129ms
 GET / 200 in 233ms (next.js: 131ms, application-code: 103ms)
 GET / 200 in 57ms (next.js: 5ms, application-code: 52ms)
✓ Compiled in 115ms
 GET / 200 in 237ms (next.js: 135ms, application-code: 102ms)
 GET / 200 in 86ms (next.js: 5ms, application-code: 81ms)
✓ Compiled in 119ms
 GET / 200 in 272ms (next.js: 160ms, application-code: 112ms)
 GET / 200 in 67ms (next.js: 3ms, application-code: 64ms)
[?25h
