[31m[auth][error][0m UnknownAction: Unsupported action. Read more at https://errors.authjs.dev#unknownaction
    at Object.signin (C:\Users\Cmarffisis\CODE\nails\.next\dev\server\chunks\node_modules_@auth_core_0-we8iz._.js:2778:35)
    at AuthInternal (C:\Users\Cmarffisis\CODE\nails\.next\dev\server\chunks\node_modules_@auth_core_0-we8iz._.js:5166:31)
    at async Auth (C:\Users\Cmarffisis\CODE\nails\.next\dev\server\chunks\node_modules_@auth_core_0-we8iz._.js:5403:34)
    at async AppRouteRouteModule.do (C:\Users\Cmarffisis\CODE\nails\node_modules\next\dist\compiled\next-server\app-route-turbo.runtime.dev.js:5:40255)
    at async AppRouteRouteModule.handle (C:\Users\Cmarffisis\CODE\nails\node_modules\next\dist\compiled\next-server\app-route-turbo.runtime.dev.js:5:47535)
    at async responseGenerator (C:\Users\Cmarffisis\CODE\nails\.next\dev\server\chunks\node_modules_next_0ocj_7w._.js:18542:38)
    at async AppRouteRouteModule.handleResponse (C:\Users\Cmarffisis\CODE\nails\node_modules\next\dist\compiled\next-server\app-route-turbo.runtime.dev.js:1:229143)
    at async handleResponse (C:\Users\Cmarffisis\CODE\nails\.next\dev\server\chunks\node_modules_next_0ocj_7w._.js:18605:32)
    at async Module.handler (C:\Users\Cmarffisis\CODE\nails\.next\dev\server\chunks\node_modules_next_0ocj_7w._.js:18659:13)
    at async DevServer.renderToResponseWithComponentsImpl (C:\Users\Cmarffisis\CODE\nails\node_modules\next\dist\server\base-server.js:1462:9)
    at async DevServer.renderPageComponent (C:\Users\Cmarffisis\CODE\nails\node_modules\next\dist\server\base-server.js:1514:24)
    at async DevServer.renderToResponseImpl (C:\Users\Cmarffisis\CODE\nails\node_modules\next\dist\server\base-server.js:1564:32)
    at async DevServer.pipeImpl (C:\Users\Cmarffisis\CODE\nails\node_modules\next\dist\server\base-server.js:1044:25)
    at async NextNodeServer.handleCatchallRenderRequest (C:\Users\Cmarffisis\CODE\nails\node_modules\next\dist\server\next-server.js:338:17)
    at async DevServer.handleRequestImpl (C:\Users\Cmarffisis\CODE\nails\node_modules\next\dist\server\base-server.js:935:17)
    at async C:\Users\Cmarffisis\CODE\nails\node_modules\next\dist\server\dev\next-dev-server.js:394:20
    at async Span.traceAsyncFn (C:\Users\Cmarffisis\CODE\nails\node_modules\next\dist\trace\trace.js:164:20)
    at async DevServer.handleRequest (C:\Users\Cmarffisis\CODE\nails\node_modules\next\dist\server\dev\next-dev-server.js:390:24)
    at async invokeRender (C:\Users\Cmarffisis\CODE\nails\node_modules\next\dist\server\lib\router-server.js:266:21)
    at async handleRequest (C:\Users\Cmarffisis\CODE\nails\node_modules\next\dist\server\lib\router-server.js:465:24)
    at async requestHandlerImpl (C:\Users\Cmarffisis\CODE\nails\node_modules\next\dist\server\lib\router-server.js:514:13)
    at async Server.requestListener (C:\Users\Cmarffisis\CODE\nails\node_modules\next\dist\server\lib\start-server.js:225:13)
createEvent: no token for user 86ab70e7-e37c-4e8e-9ee8-f374588c6cfe
createEvent: no token for user 86ab70e7-e37c-4e8e-9ee8-f374588c6cfe
[31m[auth][error][0m UnknownAction: Unsupported action. Read more at https://errors.authjs.dev#unknownaction
    at Object.signin (C:\Users\Cmarffisis\CODE\nails\.next\dev\server\chunks\node_modules_@auth_core_0-we8iz._.js:2778:35)
    at AuthInternal (C:\Users\Cmarffisis\CODE\nails\.next\dev\server\chunks\node_modules_@auth_core_0-we8iz._.js:5166:31)
    at async Auth (C:\Users\Cmarffisis\CODE\nails\.next\dev\server\chunks\node_modules_@auth_core_0-we8iz._.js:5403:34)
    at async AppRouteRouteModule.do (C:\Users\Cmarffisis\CODE\nails\node_modules\next\dist\compiled\next-server\app-route-turbo.runtime.dev.js:5:40255)
    at async AppRouteRouteModule.handle (C:\Users\Cmarffisis\CODE\nails\node_modules\next\dist\compiled\next-server\app-route-turbo.runtime.dev.js:5:47535)
    at async responseGenerator (C:\Users\Cmarffisis\CODE\nails\.next\dev\server\chunks\node_modules_next_0ocj_7w._.js:18542:38)
    at async AppRouteRouteModule.handleResponse (C:\Users\Cmarffisis\CODE\nails\node_modules\next\dist\compiled\next-server\app-route-turbo.runtime.dev.js:1:229143)
    at async handleResponse (C:\Users\Cmarffisis\CODE\nails\.next\dev\server\chunks\node_modules_next_0ocj_7w._.js:18605:32)
    at async Module.handler (C:\Users\Cmarffisis\CODE\nails\.next\dev\server\chunks\node_modules_next_0ocj_7w._.js:18659:13)
    at async DevServer.renderToResponseWithComponentsImpl (C:\Users\Cmarffisis\CODE\nails\node_modules\next\dist\server\base-server.js:1462:9)
    at async DevServer.renderPageComponent (C:\Users\Cmarffisis\CODE\nails\node_modules\next\dist\server\base-server.js:1514:24)
    at async DevServer.renderToResponseImpl (C:\Users\Cmarffisis\CODE\nails\node_modules\next\dist\server\base-server.js:1564:32)
    at async DevServer.pipeImpl (C:\Users\Cmarffisis\CODE\nails\node_modules\next\dist\server\base-server.js:1044:25)
    at async NextNodeServer.handleCatchallRenderRequest (C:\Users\Cmarffisis\CODE\nails\node_modules\next\dist\server\next-server.js:338:17)
    at async DevServer.handleRequestImpl (C:\Users\Cmarffisis\CODE\nails\node_modules\next\dist\server\base-server.js:935:17)
    at async C:\Users\Cmarffisis\CODE\nails\node_modules\next\dist\server\dev\next-dev-server.js:394:20
    at async Span.traceAsyncFn (C:\Users\Cmarffisis\CODE\nails\node_modules\next\dist\trace\trace.js:164:20)
    at async DevServer.handleRequest (C:\Users\Cmarffisis\CODE\nails\node_modules\next\dist\server\dev\next-dev-server.js:390:24)
    at async invokeRender (C:\Users\Cmarffisis\CODE\nails\node_modules\next\dist\server\lib\router-server.js:266:21)
    at async handleRequest (C:\Users\Cmarffisis\CODE\nails\node_modules\next\dist\server\lib\router-server.js:465:24)
    at async requestHandlerImpl (C:\Users\Cmarffisis\CODE\nails\node_modules\next\dist\server\lib\router-server.js:514:13)
    at async Server.requestListener (C:\Users\Cmarffisis\CODE\nails\node_modules\next\dist\server\lib\start-server.js:225:13)
createEvent: no token for user 86ab70e7-e37c-4e8e-9ee8-f374588c6cfe
createEvent: no token for user 86ab70e7-e37c-4e8e-9ee8-f374588c6cfe
⨯ SqliteError: no such table: service_purchases
    at ProfilePage (src\app\(client)\profile\page.tsx:50:6)
  48 |     )
  49 |     .orderBy(schema.appointments.startTime)
> 50 |     .all();
     |      ^
  51 |
  52 |   const completedAppointments = db
  53 |     .select({ {
  code: 'SQLITE_ERROR',
  digest: '1107603448'
}
⨯ SqliteError: no such table: service_purchases
    at ProfilePage (src\app\(client)\profile\page.tsx:50:6)
  48 |     )
  49 |     .orderBy(schema.appointments.startTime)
> 50 |     .all();
     |      ^
  51 |
  52 |   const completedAppointments = db
  53 |     .select({ {
  code: 'SQLITE_ERROR',
  digest: '1107603448'
}
[browser] Uncaught SqliteError: no such table: service_purchases
    at ProfilePage (src\app\(client)\profile\page.tsx:50:6)
  48 |     )
  49 |     .orderBy(schema.appointments.startTime)
> 50 |     .all();
     |      ^
  51 |
  52 |   const completedAppointments = db
  53 |     .select({
⨯ SqliteError: no such table: service_purchases
    at ProfilePage (src\app\(client)\profile\page.tsx:50:6)
  48 |     )
  49 |     .orderBy(schema.appointments.startTime)
> 50 |     .all();
     |      ^
  51 |
  52 |   const completedAppointments = db
  53 |     .select({ {
  code: 'SQLITE_ERROR',
  digest: '1107603448'
}
⨯ SqliteError: no such table: service_purchases
    at ProfilePage (src\app\(client)\profile\page.tsx:50:6)
  48 |     )
  49 |     .orderBy(schema.appointments.startTime)
> 50 |     .all();
     |      ^
  51 |
  52 |   const completedAppointments = db
  53 |     .select({ {
  code: 'SQLITE_ERROR',
  digest: '1107603448'
}
[browser] Uncaught SqliteError: no such table: service_purchases
    at ProfilePage (src\app\(client)\profile\page.tsx:50:6)
  48 |     )
  49 |     .orderBy(schema.appointments.startTime)
> 50 |     .all();
     |      ^
  51 |
  52 |   const completedAppointments = db
  53 |     .select({
⨯ SqliteError: no such table: service_purchases
    at ProfilePage (src\app\(client)\profile\page.tsx:50:6)
  48 |     )
  49 |     .orderBy(schema.appointments.startTime)
> 50 |     .all();
     |      ^
  51 |
  52 |   const completedAppointments = db
  53 |     .select({ {
  code: 'SQLITE_ERROR',
  digest: '1107603448'
}
[browser] Uncaught SqliteError: no such table: service_purchases
    at ProfilePage (src\app\(client)\profile\page.tsx:50:6)
  48 |     )
  49 |     .orderBy(schema.appointments.startTime)
> 50 |     .all();
     |      ^
  51 |
  52 |   const completedAppointments = db
  53 |     .select({
⨯ SqliteError: no such table: service_purchases
    at ProfilePage (src\app\(client)\profile\page.tsx:50:6)
  48 |     )
  49 |     .orderBy(schema.appointments.startTime)
> 50 |     .all();
     |      ^
  51 |
  52 |   const completedAppointments = db
  53 |     .select({ {
  code: 'SQLITE_ERROR',
  digest: '1107603448'
}
[browser] Uncaught SqliteError: no such table: service_purchases
    at ProfilePage (src\app\(client)\profile\page.tsx:50:6)
  48 |     )
  49 |     .orderBy(schema.appointments.startTime)
> 50 |     .all();
     |      ^
  51 |
  52 |   const completedAppointments = db
  53 |     .select({
⨯ SqliteError: no such table: service_purchases
    at ProfilePage (src\app\(client)\profile\page.tsx:50:6)
  48 |     )
  49 |     .orderBy(schema.appointments.startTime)
> 50 |     .all();
     |      ^
  51 |
  52 |   const completedAppointments = db
  53 |     .select({ {
  code: 'SQLITE_ERROR',
  digest: '1107603448'
}
[browser] Uncaught SqliteError: no such table: service_purchases
    at ProfilePage (src\app\(client)\profile\page.tsx:50:6)
  48 |     )
  49 |     .orderBy(schema.appointments.startTime)
> 50 |     .all();
     |      ^
  51 |
  52 |   const completedAppointments = db
  53 |     .select({
⚠ Fast Refresh had to perform a full reload due to a runtime error.
⨯ SqliteError: no such table: service_purchases
    at ProfilePage (src\app\(client)\profile\page.tsx:50:6)
  48 |     )
  49 |     .orderBy(schema.appointments.startTime)
> 50 |     .all();
     |      ^
  51 |
  52 |   const completedAppointments = db
  53 |     .select({ {
  code: 'SQLITE_ERROR',
  digest: '1107603448'
}
[browser] Uncaught SqliteError: no such table: service_purchases
    at ProfilePage (src\app\(client)\profile\page.tsx:50:6)
  48 |     )
  49 |     .orderBy(schema.appointments.startTime)
> 50 |     .all();
     |      ^
  51 |
  52 |   const completedAppointments = db
  53 |     .select({
createEvent: no token for user 86ab70e7-e37c-4e8e-9ee8-f374588c6cfe
createEvent: no token for user 86ab70e7-e37c-4e8e-9ee8-f374588c6cfe
createEvent: no token for user 86ab70e7-e37c-4e8e-9ee8-f374588c6cfe
createEvent: no token for user 86ab70e7-e37c-4e8e-9ee8-f374588c6cfe
createEvent: no token for user 86ab70e7-e37c-4e8e-9ee8-f374588c6cfe
createEvent: no token for user 86ab70e7-e37c-4e8e-9ee8-f374588c6cfe
[31m[auth][error][0m CredentialsSignin: Read more at https://errors.authjs.dev#credentialssignin
    at Module.callback (C:\Users\Cmarffisis\CODE\nails\.next\dev\server\chunks\node_modules_@auth_core_191ci8t._.js:4325:30)
    at async AuthInternal (C:\Users\Cmarffisis\CODE\nails\.next\dev\server\chunks\node_modules_@auth_core_191ci8t._.js:5181:24)
    at async Auth (C:\Users\Cmarffisis\CODE\nails\.next\dev\server\chunks\node_modules_@auth_core_191ci8t._.js:5403:34)
    at async AppRouteRouteModule.do (C:\Users\Cmarffisis\CODE\nails\node_modules\next\dist\compiled\next-server\app-route-turbo.runtime.dev.js:5:40255)
    at async AppRouteRouteModule.handle (C:\Users\Cmarffisis\CODE\nails\node_modules\next\dist\compiled\next-server\app-route-turbo.runtime.dev.js:5:47535)
    at async responseGenerator (C:\Users\Cmarffisis\CODE\nails\.next\dev\server\chunks\node_modules_next_0ocj_7w._.js:18542:38)
    at async AppRouteRouteModule.handleResponse (C:\Users\Cmarffisis\CODE\nails\node_modules\next\dist\compiled\next-server\app-route-turbo.runtime.dev.js:1:229143)
    at async handleResponse (C:\Users\Cmarffisis\CODE\nails\.next\dev\server\chunks\node_modules_next_0ocj_7w._.js:18605:32)
    at async Module.handler (C:\Users\Cmarffisis\CODE\nails\.next\dev\server\chunks\node_modules_next_0ocj_7w._.js:18659:13)
    at async DevServer.renderToResponseWithComponentsImpl (C:\Users\Cmarffisis\CODE\nails\node_modules\next\dist\server\base-server.js:1462:9)
    at async DevServer.renderPageComponent (C:\Users\Cmarffisis\CODE\nails\node_modules\next\dist\server\base-server.js:1514:24)
    at async DevServer.renderToResponseImpl (C:\Users\Cmarffisis\CODE\nails\node_modules\next\dist\server\base-server.js:1564:32)
    at async DevServer.pipeImpl (C:\Users\Cmarffisis\CODE\nails\node_modules\next\dist\server\base-server.js:1044:25)
    at async NextNodeServer.handleCatchallRenderRequest (C:\Users\Cmarffisis\CODE\nails\node_modules\next\dist\server\next-server.js:338:17)
    at async DevServer.handleRequestImpl (C:\Users\Cmarffisis\CODE\nails\node_modules\next\dist\server\base-server.js:935:17)
    at async C:\Users\Cmarffisis\CODE\nails\node_modules\next\dist\server\dev\next-dev-server.js:394:20
    at async Span.traceAsyncFn (C:\Users\Cmarffisis\CODE\nails\node_modules\next\dist\trace\trace.js:164:20)
    at async DevServer.handleRequest (C:\Users\Cmarffisis\CODE\nails\node_modules\next\dist\server\dev\next-dev-server.js:390:24)
    at async invokeRender (C:\Users\Cmarffisis\CODE\nails\node_modules\next\dist\server\lib\router-server.js:266:21)
    at async handleRequest (C:\Users\Cmarffisis\CODE\nails\node_modules\next\dist\server\lib\router-server.js:465:24)
    at async requestHandlerImpl (C:\Users\Cmarffisis\CODE\nails\node_modules\next\dist\server\lib\router-server.js:514:13)
    at async Server.requestListener (C:\Users\Cmarffisis\CODE\nails\node_modules\next\dist\server\lib\start-server.js:225:13)
